13067 [http-nio-8080-exec-1] ERROR o.a.c.c.C.[.[.[.[dispatcherServlet] - Servlet.service() for servlet [dispatcherServlet] in context with path [] threw exception [Handler dispatch failed; nested exception is java.lang.StackOverflowError] with root cause
java.lang.StackOverflowError: null
	at ch.qos.logback.classic.Logger.buildLoggingEventAndAppend(Logger.java:419)
	at ch.qos.logback.classic.Logger.filterAndLog_0_Or3Plus(Logger.java:383)
	at ch.qos.logback.classic.Logger.log(Logger.java:765)
	at org.apache.commons.logging.LogAdapter$Slf4jLocationAwareLog.error(LogAdapter.java:433)
	at org.springframework.transaction.interceptor.TransactionAspectSupport.completeTransactionAfterThrowing(TransactionAspectSupport.java:680)
	at org.springframework.transaction.interceptor.TransactionAspectSupport.invokeWithinTransaction(TransactionAspectSupport.java:392)
	at org.springframework.transaction.interceptor.TransactionInterceptor.invoke(TransactionInterceptor.java:119)
	at org.springframework.aop.framework.ReflectiveMethodInvocation.proceed(ReflectiveMethodInvocation.java:186)
	at org.springframework.dao.support.PersistenceExceptionTranslationInterceptor.invoke(PersistenceExceptionTranslationInterceptor.java:137)
	at org.springframework.aop.framework.ReflectiveMethodInvocation.proceed(ReflectiveMethodInvocation.java:186)
	at org.springframework.data.jpa.repository.support.CrudMethodMetadataPostProcessor$CrudMethodMetadataPopulatingMethodInterceptor.invoke(CrudMethodMetadataPostProcessor.java:174)
	at org.springframework.aop.framework.ReflectiveMethodInvocation.proceed(ReflectiveMethodInvocation.java:186)
	at org.springframework.aop.interceptor.ExposeInvocationInterceptor.invoke(ExposeInvocationInterceptor.java:97)
	at org.springframework.aop.framework.ReflectiveMethodInvocation.proceed(ReflectiveMethodInvocation.java:186)
	at org.springframework.aop.framework.JdkDynamicAopProxy.invoke(JdkDynamicAopProxy.java:215)
	at jdk.proxy2/jdk.proxy2.$Proxy102.findAll(Unknown Source)
	at hu.nye.algterv.transfersystem.service.CountryService.findBusLineById(CountryService.java:122)
	at hu.nye.algterv.transfersystem.service.CountryService.callCheckLines(CountryService.java:140)
	at hu.nye.algterv.transfersystem.service.CountryService.checkBusLine(CountryService.java:168)
	at hu.nye.algterv.transfersystem.service.CountryService.lambda$10(CountryService.java:145)
	at java.base/java.lang.Iterable.forEach(Iterable.java:75)
	at hu.nye.algterv.transfersystem.service.CountryService.callCheckLines(CountryService.java:145)
	at hu.nye.algterv.transfersystem.service.CountryService.checkTrainLine(CountryService.java:194)
	at hu.nye.algterv.transfersystem.service.CountryService.lambda$12(CountryService.java:151)
	at java.base/java.lang.Iterable.forEach(Iterable.java:75)
	at hu.nye.algterv.transfersystem.service.CountryService.callCheckLines(CountryService.java:151)
	at hu.nye.algterv.transfersystem.service.CountryService.checkTrainLine(CountryService.java:194)
	at hu.nye.algterv.transfersystem.service.CountryService.lambda$12(CountryService.java:151)
	at java.base/java.lang.Iterable.forEach(Iterable.java:75)
	at hu.nye.algterv.transfersystem.service.CountryService.callCheckLines(CountryService.java:151)
	at hu.nye.algterv.transfersystem.service.CountryService.checkBusLine(CountryService.java:168)
	at hu.nye.algterv.transfersystem.service.CountryService.lambda$10(CountryService.java:145)
	at java.base/java.lang.Iterable.forEach(Iterable.java:75)
	at hu.nye.algterv.transfersystem.service.CountryService.callCheckLines(CountryService.java:145)
	at hu.nye.algterv.transfersystem.service.CountryService.checkTrainLine(CountryService.java:194)
	at hu.nye.algterv.transfersystem.service.CountryService.lambda$12(CountryService.java:151)
	at java.base/java.lang.Iterable.forEach(Iterable.java:75)
	at hu.nye.algterv.transfersystem.service.CountryService.callCheckLines(CountryService.java:151)
	at hu.nye.algterv.transfersystem.service.CountryService.checkTrainLine(CountryService.java:194)
	at hu.nye.algterv.transfersystem.service.CountryService.lambda$12(CountryService.java:151)
	at java.base/java.lang.Iterable.forEach(Iterable.java:75)
	at hu.nye.algterv.transfersystem.service.CountryService.callCheckLines(CountryService.java:151)
	at hu.nye.algterv.transfersystem.service.CountryService.checkBusLine(CountryService.java:168)
	at hu.nye.algterv.transfersystem.service.CountryService.lambda$10(CountryService.java:145)
	at java.base/java.lang.Iterable.forEach(Iterable.java:75)
	at hu.nye.algterv.transfersystem.service.CountryService.callCheckLines(CountryService.java:145)
	at hu.nye.algterv.transfersystem.service.CountryService.checkTrainLine(CountryService.java:194)
	at hu.nye.algterv.transfersystem.service.CountryService.lambda$12(CountryService.java:151)
	at java.base/java.lang.Iterable.forEach(Iterable.java:75)
	at hu.nye.algterv.transfersystem.service.CountryService.callCheckLines(CountryService.java:151)
	at hu.nye.algterv.transfersystem.service.CountryService.checkTrainLine(CountryService.java:194)
	at hu.nye.algterv.transfersystem.service.CountryService.lambda$12(CountryService.java:151)
	at java.base/java.lang.Iterable.forEach(Iterable.java:75)
	at hu.nye.algterv.transfersystem.service.CountryService.callCheckLines(CountryService.java:151)
	at hu.nye.algterv.transfersystem.service.CountryService.checkBusLine(CountryService.java:168)
	at hu.nye.algterv.transfersystem.service.CountryService.lambda$10(CountryService.java:145)
	at java.base/java.lang.Iterable.forEach(Iterable.java:75)
	at hu.nye.algterv.transfersystem.service.CountryService.callCheckLines(CountryService.java:145)
	at hu.nye.algterv.transfersystem.service.CountryService.checkTrainLine(CountryService.java:194)
	at hu.nye.algterv.transfersystem.service.CountryService.lambda$12(CountryService.java:151)
	at java.base/java.lang.Iterable.forEach(Iterable.java:75)
	at hu.nye.algterv.transfersystem.service.CountryService.callCheckLines(CountryService.java:151)
	at hu.nye.algterv.transfersystem.service.CountryService.checkTrainLine(CountryService.java:194)
	at hu.nye.algterv.transfersystem.service.CountryService.lambda$12(CountryService.java:151)
	at java.base/java.lang.Iterable.forEach(Iterable.java:75)
	at hu.nye.algterv.transfersystem.service.CountryService.callCheckLines(CountryService.java:151)
	at hu.nye.algterv.transfersystem.service.CountryService.checkBusLine(CountryService.java:168)
	at hu.nye.algterv.transfersystem.service.CountryService.lambda$10(CountryService.java:145)
	at java.base/java.lang.Iterable.forEach(Iterable.java:75)
	at hu.nye.algterv.transfersystem.service.CountryService.callCheckLines(CountryService.java:145)
	at hu.nye.algterv.transfersystem.service.CountryService.checkTrainLine(CountryService.java:194)
	at hu.nye.algterv.transfersystem.service.CountryService.lambda$12(CountryService.java:151)
	at java.base/java.lang.Iterable.forEach(Iterable.java:75)
	at hu.nye.algterv.transfersystem.service.CountryService.callCheckLines(CountryService.java:151)
	at hu.nye.algterv.transfersystem.service.CountryService.checkTrainLine(CountryService.java:194)
	at hu.nye.algterv.transfersystem.service.CountryService.lambda$12(CountryService.java:151)
	at java.base/java.lang.Iterable.forEach(Iterable.java:75)
	at hu.nye.algterv.transfersystem.service.CountryService.callCheckLines(CountryService.java:151)
	at hu.nye.algterv.transfersystem.service.CountryService.checkBusLine(CountryService.java:168)
	at hu.nye.algterv.transfersystem.service.CountryService.lambda$10(CountryService.java:145)
	at java.base/java.lang.Iterable.forEach(Iterable.java:75)
	at hu.nye.algterv.transfersystem.service.CountryService.callCheckLines(CountryService.java:145)
	at hu.nye.algterv.transfersystem.service.CountryService.checkTrainLine(CountryService.java:194)
	at hu.nye.algterv.transfersystem.service.CountryService.lambda$12(CountryService.java:151)
	at java.base/java.lang.Iterable.forEach(Iterable.java:75)
	at hu.nye.algterv.transfersystem.service.CountryService.callCheckLines(CountryService.java:151)
	at hu.nye.algterv.transfersystem.service.CountryService.checkTrainLine(CountryService.java:194)
	at hu.nye.algterv.transfersystem.service.CountryService.lambda$12(CountryService.java:151)
	at java.base/java.lang.Iterable.forEach(Iterable.java:75)
	at hu.nye.algterv.transfersystem.service.CountryService.callCheckLines(CountryService.java:151)
	at hu.nye.algterv.transfersystem.service.CountryService.checkBusLine(CountryService.java:168)
	at hu.nye.algterv.transfersystem.service.CountryService.lambda$10(CountryService.java:145)
	at java.base/java.lang.Iterable.forEach(Iterable.java:75)
	at hu.nye.algterv.transfersystem.service.CountryService.callCheckLines(CountryService.java:145)
	at hu.nye.algterv.transfersystem.service.CountryService.checkTrainLine(CountryService.java:194)
	at hu.nye.algterv.transfersystem.service.CountryService.lambda$12(CountryService.java:151)
	at java.base/java.lang.Iterable.forEach(Iterable.java:75)
	at hu.nye.algterv.transfersystem.service.CountryService.callCheckLines(CountryService.java:151)
	at hu.nye.algterv.transfersystem.service.CountryService.checkTrainLine(CountryService.java:194)
	at hu.nye.algterv.transfersystem.service.CountryService.lambda$12(CountryService.java:151)
	at java.base/java.lang.Iterable.forEach(Iterable.java:75)
	at hu.nye.algterv.transfersystem.service.CountryService.callCheckLines(CountryService.java:151)
	at hu.nye.algterv.transfersystem.service.CountryService.checkBusLine(CountryService.java:168)
	at hu.nye.algterv.transfersystem.service.CountryService.lambda$10(CountryService.java:145)
	at java.base/java.lang.Iterable.forEach(Iterable.java:75)
	at hu.nye.algterv.transfersystem.service.CountryService.callCheckLines(CountryService.java:145)
	at hu.nye.algterv.transfersystem.service.CountryService.checkTrainLine(CountryService.java:194)
	at hu.nye.algterv.transfersystem.service.CountryService.lambda$12(CountryService.java:151)
	at java.base/java.lang.Iterable.forEach(Iterable.java:75)
	at hu.nye.algterv.transfersystem.service.CountryService.callCheckLines(CountryService.java:151)
	at hu.nye.algterv.transfersystem.service.CountryService.checkTrainLine(CountryService.java:194)
	at hu.nye.algterv.transfersystem.service.CountryService.lambda$12(CountryService.java:151)
	at java.base/java.lang.Iterable.forEach(Iterable.java:75)
	at hu.nye.algterv.transfersystem.service.CountryService.callCheckLines(CountryService.java:151)
	at hu.nye.algterv.transfersystem.service.CountryService.checkBusLine(CountryService.java:168)
	at hu.nye.algterv.transfersystem.service.CountryService.lambda$10(CountryService.java:145)
	at java.base/java.lang.Iterable.forEach(Iterable.java:75)
	at hu.nye.algterv.transfersystem.service.CountryService.callCheckLines(CountryService.java:145)
	at hu.nye.algterv.transfersystem.service.CountryService.checkTrainLine(CountryService.java:194)
	at hu.nye.algterv.transfersystem.service.CountryService.lambda$12(CountryService.java:151)
	at java.base/java.lang.Iterable.forEach(Iterable.java:75)
	at hu.nye.algterv.transfersystem.service.CountryService.callCheckLines(CountryService.java:151)
	at hu.nye.algterv.transfersystem.service.CountryService.checkTrainLine(CountryService.java:194)
	at hu.nye.algterv.transfersystem.service.CountryService.lambda$12(CountryService.java:151)
	at java.base/java.lang.Iterable.forEach(Iterable.java:75)
	at hu.nye.algterv.transfersystem.service.CountryService.callCheckLines(CountryService.java:151)
	at hu.nye.algterv.transfersystem.service.CountryService.checkBusLine(CountryService.java:168)
	at hu.nye.algterv.transfersystem.service.CountryService.lambda$10(CountryService.java:145)
	at java.base/java.lang.Iterable.forEach(Iterable.java:75)
	at hu.nye.algterv.transfersystem.service.CountryService.callCheckLines(CountryService.java:145)
	at hu.nye.algterv.transfersystem.service.CountryService.checkTrainLine(CountryService.java:194)
	at hu.nye.algterv.transfersystem.service.CountryService.lambda$12(CountryService.java:151)
	at java.base/java.lang.Iterable.forEach(Iterable.java:75)
	at hu.nye.algterv.transfersystem.service.CountryService.callCheckLines(CountryService.java:151)
	at hu.nye.algterv.transfersystem.service.CountryService.checkTrainLine(CountryService.java:194)
	at hu.nye.algterv.transfersystem.service.CountryService.lambda$12(CountryService.java:151)
	at java.base/java.lang.Iterable.forEach(Iterable.java:75)
	at hu.nye.algterv.transfersystem.service.CountryService.callCheckLines(CountryService.java:151)
	at hu.nye.algterv.transfersystem.service.CountryService.checkBusLine(CountryService.java:168)
	at hu.nye.algterv.transfersystem.service.CountryService.lambda$10(CountryService.java:145)
	at java.base/java.lang.Iterable.forEach(Iterable.java:75)
	at hu.nye.algterv.transfersystem.service.CountryService.callCheckLines(CountryService.java:145)
	at hu.nye.algterv.transfersystem.service.CountryService.checkTrainLine(CountryService.java:194)
	at hu.nye.algterv.transfersystem.service.CountryService.lambda$12(CountryService.java:151)
	at java.base/java.lang.Iterable.forEach(Iterable.java:75)
	at hu.nye.algterv.transfersystem.service.CountryService.callCheckLines(CountryService.java:151)
	at hu.nye.algterv.transfersystem.service.CountryService.checkTrainLine(CountryService.java:194)
	at hu.nye.algterv.transfersystem.service.CountryService.lambda$12(CountryService.java:151)
	at java.base/java.lang.Iterable.forEach(Iterable.java:75)
	at hu.nye.algterv.transfersystem.service.CountryService.callCheckLines(CountryService.java:151)
	at hu.nye.algterv.transfersystem.service.CountryService.checkBusLine(CountryService.java:168)
	at hu.nye.algterv.transfersystem.service.CountryService.lambda$10(CountryService.java:145)
	at java.base/java.lang.Iterable.forEach(Iterable.java:75)
	at hu.nye.algterv.transfersystem.service.CountryService.callCheckLines(CountryService.java:145)
	at hu.nye.algterv.transfersystem.service.CountryService.checkTrainLine(CountryService.java:194)
	at hu.nye.algterv.transfersystem.service.CountryService.lambda$12(CountryService.java:151)
	at java.base/java.lang.Iterable.forEach(Iterable.java:75)
	at hu.nye.algterv.transfersystem.service.CountryService.callCheckLines(CountryService.java:151)
	at hu.nye.algterv.transfersystem.service.CountryService.checkTrainLine(CountryService.java:194)
	at hu.nye.algterv.transfersystem.service.CountryService.lambda$12(CountryService.java:151)
	at java.base/java.lang.Iterable.forEach(Iterable.java:75)
	at hu.nye.algterv.transfersystem.service.CountryService.callCheckLines(CountryService.java:151)
	at hu.nye.algterv.transfersystem.service.CountryService.checkBusLine(CountryService.java:168)
	at hu.nye.algterv.transfersystem.service.CountryService.lambda$10(CountryService.java:145)
	at java.base/java.lang.Iterable.forEach(Iterable.java:75)
	at hu.nye.algterv.transfersystem.service.CountryService.callCheckLines(CountryService.java:145)
	at hu.nye.algterv.transfersystem.service.CountryService.checkTrainLine(CountryService.java:194)
	at hu.nye.algterv.transfersystem.service.CountryService.lambda$12(CountryService.java:151)
	at java.base/java.lang.Iterable.forEach(Iterable.java:75)
	at hu.nye.algterv.transfersystem.service.CountryService.callCheckLines(CountryService.java:151)
	at hu.nye.algterv.transfersystem.service.CountryService.checkTrainLine(CountryService.java:194)
	at hu.nye.algterv.transfersystem.service.CountryService.lambda$12(CountryService.java:151)
	at java.base/java.lang.Iterable.forEach(Iterable.java:75)
	at hu.nye.algterv.transfersystem.service.CountryService.callCheckLines(CountryService.java:151)
	at hu.nye.algterv.transfersystem.service.CountryService.checkBusLine(CountryService.java:168)
	at hu.nye.algterv.transfersystem.service.CountryService.lambda$10(CountryService.java:145)
	at java.base/java.lang.Iterable.forEach(Iterable.java:75)
	at hu.nye.algterv.transfersystem.service.CountryService.callCheckLines(CountryService.java:145)
	at hu.nye.algterv.transfersystem.service.CountryService.checkTrainLine(CountryService.java:194)
	at hu.nye.algterv.transfersystem.service.CountryService.lambda$12(CountryService.java:151)
	at java.base/java.lang.Iterable.forEach(Iterable.java:75)
	at hu.nye.algterv.transfersystem.service.CountryService.callCheckLines(CountryService.java:151)
	at hu.nye.algterv.transfersystem.service.CountryService.checkTrainLine(CountryService.java:194)
	at hu.nye.algterv.transfersystem.service.CountryService.lambda$12(CountryService.java:151)
	at java.base/java.lang.Iterable.forEach(Iterable.java:75)
	at hu.nye.algterv.transfersystem.service.CountryService.callCheckLines(CountryService.java:151)
	at hu.nye.algterv.transfersystem.service.CountryService.checkBusLine(CountryService.java:168)
	at hu.nye.algterv.transfersystem.service.CountryService.lambda$10(CountryService.java:145)
	at java.base/java.lang.Iterable.forEach(Iterable.java:75)
	at hu.nye.algterv.transfersystem.service.CountryService.callCheckLines(CountryService.java:145)
	at hu.nye.algterv.transfersystem.service.CountryService.checkTrainLine(CountryService.java:194)
	at hu.nye.algterv.transfersystem.service.CountryService.lambda$12(CountryService.java:151)
	at java.base/java.lang.Iterable.forEach(Iterable.java:75)
	at hu.nye.algterv.transfersystem.service.CountryService.callCheckLines(CountryService.java:151)
	at hu.nye.algterv.transfersystem.service.CountryService.checkTrainLine(CountryService.java:194)
	at hu.nye.algterv.transfersystem.service.CountryService.lambda$12(CountryService.java:151)
	at java.base/java.lang.Iterable.forEach(Iterable.java:75)
	at hu.nye.algterv.transfersystem.service.CountryService.callCheckLines(CountryService.java:151)
	at hu.nye.algterv.transfersystem.service.CountryService.checkBusLine(CountryService.java:168)
	at hu.nye.algterv.transfersystem.service.CountryService.lambda$10(CountryService.java:145)
	at java.base/java.lang.Iterable.forEach(Iterable.java:75)
	at hu.nye.algterv.transfersystem.service.CountryService.callCheckLines(CountryService.java:145)
	at hu.nye.algterv.transfersystem.service.CountryService.checkTrainLine(CountryService.java:194)
	at hu.nye.algterv.transfersystem.service.CountryService.lambda$12(CountryService.java:151)
	at java.base/java.lang.Iterable.forEach(Iterable.java:75)
	at hu.nye.algterv.transfersystem.service.CountryService.callCheckLines(CountryService.java:151)
	at hu.nye.algterv.transfersystem.service.CountryService.checkTrainLine(CountryService.java:194)
	at hu.nye.algterv.transfersystem.service.CountryService.lambda$12(CountryService.java:151)
	at java.base/java.lang.Iterable.forEach(Iterable.java:75)
	at hu.nye.algterv.transfersystem.service.CountryService.callCheckLines(CountryService.java:151)
	at hu.nye.algterv.transfersystem.service.CountryService.checkBusLine(CountryService.java:168)
	at hu.nye.algterv.transfersystem.service.CountryService.lambda$10(CountryService.java:145)
	at java.base/java.lang.Iterable.forEach(Iterable.java:75)
	at hu.nye.algterv.transfersystem.service.CountryService.callCheckLines(CountryService.java:145)
	at hu.nye.algterv.transfersystem.service.CountryService.checkTrainLine(CountryService.java:194)
	at hu.nye.algterv.transfersystem.service.CountryService.lambda$12(CountryService.java:151)
	at java.base/java.lang.Iterable.forEach(Iterable.java:75)
	at hu.nye.algterv.transfersystem.service.CountryService.callCheckLines(CountryService.java:151)
	at hu.nye.algterv.transfersystem.service.CountryService.checkTrainLine(CountryService.java:194)
	at hu.nye.algterv.transfersystem.service.CountryService.lambda$12(CountryService.java:151)
	at java.base/java.lang.Iterable.forEach(Iterable.java:75)
	at hu.nye.algterv.transfersystem.service.CountryService.callCheckLines(CountryService.java:151)
	at hu.nye.algterv.transfersystem.service.CountryService.checkBusLine(CountryService.java:168)
	at hu.nye.algterv.transfersystem.service.CountryService.lambda$10(CountryService.java:145)
	at java.base/java.lang.Iterable.forEach(Iterable.java:75)
	at hu.nye.algterv.transfersystem.service.CountryService.callCheckLines(CountryService.java:145)
	at hu.nye.algterv.transfersystem.service.CountryService.checkTrainLine(CountryService.java:194)
	at hu.nye.algterv.transfersystem.service.CountryService.lambda$12(CountryService.java:151)
	at java.base/java.lang.Iterable.forEach(Iterable.java:75)
	at hu.nye.algterv.transfersystem.service.CountryService.callCheckLines(CountryService.java:151)
	at hu.nye.algterv.transfersystem.service.CountryService.checkTrainLine(CountryService.java:194)
	at hu.nye.algterv.transfersystem.service.CountryService.lambda$12(CountryService.java:151)
	at java.base/java.lang.Iterable.forEach(Iterable.java:75)
	at hu.nye.algterv.transfersystem.service.CountryService.callCheckLines(CountryService.java:151)
	at hu.nye.algterv.transfersystem.service.CountryService.checkBusLine(CountryService.java:168)
	at hu.nye.algterv.transfersystem.service.CountryService.lambda$10(CountryService.java:145)
	at java.base/java.lang.Iterable.forEach(Iterable.java:75)
	at hu.nye.algterv.transfersystem.service.CountryService.callCheckLines(CountryService.java:145)
	at hu.nye.algterv.transfersystem.service.CountryService.checkTrainLine(CountryService.java:194)
	at hu.nye.algterv.transfersystem.service.CountryService.lambda$12(CountryService.java:151)
	at java.base/java.lang.Iterable.forEach(Iterable.java:75)
	at hu.nye.algterv.transfersystem.service.CountryService.callCheckLines(CountryService.java:151)
	at hu.nye.algterv.transfersystem.service.CountryService.checkTrainLine(CountryService.java:194)
	at hu.nye.algterv.transfersystem.service.CountryService.lambda$12(CountryService.java:151)
	at java.base/java.lang.Iterable.forEach(Iterable.java:75)
	at hu.nye.algterv.transfersystem.service.CountryService.callCheckLines(CountryService.java:151)
	at hu.nye.algterv.transfersystem.service.CountryService.checkBusLine(CountryService.java:168)
	at hu.nye.algterv.transfersystem.service.CountryService.lambda$10(CountryService.java:145)
	at java.base/java.lang.Iterable.forEach(Iterable.java:75)
	at hu.nye.algterv.transfersystem.service.CountryService.callCheckLines(CountryService.java:145)
	at hu.nye.algterv.transfersystem.service.CountryService.checkTrainLine(CountryService.java:194)
	at hu.nye.algterv.transfersystem.service.CountryService.lambda$12(CountryService.java:151)
	at java.base/java.lang.Iterable.forEach(Iterable.java:75)
	at hu.nye.algterv.transfersystem.service.CountryService.callCheckLines(CountryService.java:151)
	at hu.nye.algterv.transfersystem.service.CountryService.checkTrainLine(CountryService.java:194)
	at hu.nye.algterv.transfersystem.service.CountryService.lambda$12(CountryService.java:151)
	at java.base/java.lang.Iterable.forEach(Iterable.java:75)
	at hu.nye.algterv.transfersystem.service.CountryService.callCheckLines(CountryService.java:151)
	at hu.nye.algterv.transfersystem.service.CountryService.checkBusLine(CountryService.java:168)
	at hu.nye.algterv.transfersystem.service.CountryService.lambda$10(CountryService.java:145)
	at java.base/java.lang.Iterable.forEach(Iterable.java:75)
	at hu.nye.algterv.transfersystem.service.CountryService.callCheckLines(CountryService.java:145)
	at hu.nye.algterv.transfersystem.service.CountryService.checkTrainLine(CountryService.java:194)
	at hu.nye.algterv.transfersystem.service.CountryService.lambda$12(CountryService.java:151)
	at java.base/java.lang.Iterable.forEach(Iterable.java:75)
	at hu.nye.algterv.transfersystem.service.CountryService.callCheckLines(CountryService.java:151)
	at hu.nye.algterv.transfersystem.service.CountryService.checkTrainLine(CountryService.java:194)
	at hu.nye.algterv.transfersystem.service.CountryService.lambda$12(CountryService.java:151)
	at java.base/java.lang.Iterable.forEach(Iterable.java:75)
	at hu.nye.algterv.transfersystem.service.CountryService.callCheckLines(CountryService.java:151)
	at hu.nye.algterv.transfersystem.service.CountryService.checkBusLine(CountryService.java:168)
	at hu.nye.algterv.transfersystem.service.CountryService.lambda$10(CountryService.java:145)
	at java.base/java.lang.Iterable.forEach(Iterable.java:75)
	at hu.nye.algterv.transfersystem.service.CountryService.callCheckLines(CountryService.java:145)
	at hu.nye.algterv.transfersystem.service.CountryService.checkTrainLine(CountryService.java:194)
	at hu.nye.algterv.transfersystem.service.CountryService.lambda$12(CountryService.java:151)
	at java.base/java.lang.Iterable.forEach(Iterable.java:75)
	at hu.nye.algterv.transfersystem.service.CountryService.callCheckLines(CountryService.java:151)
	at hu.nye.algterv.transfersystem.service.CountryService.checkTrainLine(CountryService.java:194)
	at hu.nye.algterv.transfersystem.service.CountryService.lambda$12(CountryService.java:151)
	at java.base/java.lang.Iterable.forEach(Iterable.java:75)
	at hu.nye.algterv.transfersystem.service.CountryService.callCheckLines(CountryService.java:151)
	at hu.nye.algterv.transfersystem.service.CountryService.checkBusLine(CountryService.java:168)
	at hu.nye.algterv.transfersystem.service.CountryService.lambda$10(CountryService.java:145)
	at java.base/java.lang.Iterable.forEach(Iterable.java:75)
	at hu.nye.algterv.transfersystem.service.CountryService.callCheckLines(CountryService.java:145)
	at hu.nye.algterv.transfersystem.service.CountryService.checkTrainLine(CountryService.java:194)
	at hu.nye.algterv.transfersystem.service.CountryService.lambda$12(CountryService.java:151)
	at java.base/java.lang.Iterable.forEach(Iterable.java:75)
	at hu.nye.algterv.transfersystem.service.CountryService.callCheckLines(CountryService.java:151)
	at hu.nye.algterv.transfersystem.service.CountryService.checkTrainLine(CountryService.java:194)
	at hu.nye.algterv.transfersystem.service.CountryService.lambda$12(CountryService.java:151)
	at java.base/java.lang.Iterable.forEach(Iterable.java:75)
	at hu.nye.algterv.transfersystem.service.CountryService.callCheckLines(CountryService.java:151)
	at hu.nye.algterv.transfersystem.service.CountryService.checkBusLine(CountryService.java:168)
	at hu.nye.algterv.transfersystem.service.CountryService.lambda$10(CountryService.java:145)
	at java.base/java.lang.Iterable.forEach(Iterable.java:75)
	at hu.nye.algterv.transfersystem.service.CountryService.callCheckLines(CountryService.java:145)
	at hu.nye.algterv.transfersystem.service.CountryService.checkTrainLine(CountryService.java:194)
	at hu.nye.algterv.transfersystem.service.CountryService.lambda$12(CountryService.java:151)
	at java.base/java.lang.Iterable.forEach(Iterable.java:75)
	at hu.nye.algterv.transfersystem.service.CountryService.callCheckLines(CountryService.java:151)
	at hu.nye.algterv.transfersystem.service.CountryService.checkTrainLine(CountryService.java:194)
	at hu.nye.algterv.transfersystem.service.CountryService.lambda$12(CountryService.java:151)
	at java.base/java.lang.Iterable.forEach(Iterable.java:75)
	at hu.nye.algterv.transfersystem.service.CountryService.callCheckLines(CountryService.java:151)
	at hu.nye.algterv.transfersystem.service.CountryService.checkBusLine(CountryService.java:168)
	at hu.nye.algterv.transfersystem.service.CountryService.lambda$10(CountryService.java:145)
	at java.base/java.lang.Iterable.forEach(Iterable.java:75)
	at hu.nye.algterv.transfersystem.service.CountryService.callCheckLines(CountryService.java:145)
	at hu.nye.algterv.transfersystem.service.CountryService.checkTrainLine(CountryService.java:194)
	at hu.nye.algterv.transfersystem.service.CountryService.lambda$12(CountryService.java:151)
	at java.base/java.lang.Iterable.forEach(Iterable.java:75)
	at hu.nye.algterv.transfersystem.service.CountryService.callCheckLines(CountryService.java:151)
	at hu.nye.algterv.transfersystem.service.CountryService.checkTrainLine(CountryService.java:194)
	at hu.nye.algterv.transfersystem.service.CountryService.lambda$12(CountryService.java:151)
	at java.base/java.lang.Iterable.forEach(Iterable.java:75)
	at hu.nye.algterv.transfersystem.service.CountryService.callCheckLines(CountryService.java:151)
	at hu.nye.algterv.transfersystem.service.CountryService.checkBusLine(CountryService.java:168)
	at hu.nye.algterv.transfersystem.service.CountryService.lambda$10(CountryService.java:145)
	at java.base/java.lang.Iterable.forEach(Iterable.java:75)
	at hu.nye.algterv.transfersystem.service.CountryService.callCheckLines(CountryService.java:145)
	at hu.nye.algterv.transfersystem.service.CountryService.checkTrainLine(CountryService.java:194)
	at hu.nye.algterv.transfersystem.service.CountryService.lambda$12(CountryService.java:151)
	at java.base/java.lang.Iterable.forEach(Iterable.java:75)
	at hu.nye.algterv.transfersystem.service.CountryService.callCheckLines(CountryService.java:151)
	at hu.nye.algterv.transfersystem.service.CountryService.checkTrainLine(CountryService.java:194)
	at hu.nye.algterv.transfersystem.service.CountryService.lambda$12(CountryService.java:151)
	at java.base/java.lang.Iterable.forEach(Iterable.java:75)
	at hu.nye.algterv.transfersystem.service.CountryService.callCheckLines(CountryService.java:151)
	at hu.nye.algterv.transfersystem.service.CountryService.checkBusLine(CountryService.java:168)
	at hu.nye.algterv.transfersystem.service.CountryService.lambda$10(CountryService.java:145)
	at java.base/java.lang.Iterable.forEach(Iterable.java:75)
	at hu.nye.algterv.transfersystem.service.CountryService.callCheckLines(CountryService.java:145)
	at hu.nye.algterv.transfersystem.service.CountryService.checkTrainLine(CountryService.java:194)
	at hu.nye.algterv.transfersystem.service.CountryService.lambda$12(CountryService.java:151)
	at java.base/java.lang.Iterable.forEach(Iterable.java:75)
	at hu.nye.algterv.transfersystem.service.CountryService.callCheckLines(CountryService.java:151)
	at hu.nye.algterv.transfersystem.service.CountryService.checkTrainLine(CountryService.java:194)
	at hu.nye.algterv.transfersystem.service.CountryService.lambda$12(CountryService.java:151)
	at java.base/java.lang.Iterable.forEach(Iterable.java:75)
	at hu.nye.algterv.transfersystem.service.CountryService.callCheckLines(CountryService.java:151)
	at hu.nye.algterv.transfersystem.service.CountryService.checkBusLine(CountryService.java:168)
	at hu.nye.algterv.transfersystem.service.CountryService.lambda$10(CountryService.java:145)
	at java.base/java.lang.Iterable.forEach(Iterable.java:75)
	at hu.nye.algterv.transfersystem.service.CountryService.callCheckLines(CountryService.java:145)
	at hu.nye.algterv.transfersystem.service.CountryService.checkTrainLine(CountryService.java:194)
	at hu.nye.algterv.transfersystem.service.CountryService.lambda$12(CountryService.java:151)
	at java.base/java.lang.Iterable.forEach(Iterable.java:75)
	at hu.nye.algterv.transfersystem.service.CountryService.callCheckLines(CountryService.java:151)
	at hu.nye.algterv.transfersystem.service.CountryService.checkTrainLine(CountryService.java:194)
	at hu.nye.algterv.transfersystem.service.CountryService.lambda$12(CountryService.java:151)
	at java.base/java.lang.Iterable.forEach(Iterable.java:75)
	at hu.nye.algterv.transfersystem.service.CountryService.callCheckLines(CountryService.java:151)
	at hu.nye.algterv.transfersystem.service.CountryService.checkBusLine(CountryService.java:168)
	at hu.nye.algterv.transfersystem.service.CountryService.lambda$10(CountryService.java:145)
	at java.base/java.lang.Iterable.forEach(Iterable.java:75)
	at hu.nye.algterv.transfersystem.service.CountryService.callCheckLines(CountryService.java:145)
	at hu.nye.algterv.transfersystem.service.CountryService.checkTrainLine(CountryService.java:194)
	at hu.nye.algterv.transfersystem.service.CountryService.lambda$12(CountryService.java:151)
	at java.base/java.lang.Iterable.forEach(Iterable.java:75)
	at hu.nye.algterv.transfersystem.service.CountryService.callCheckLines(CountryService.java:151)
	at hu.nye.algterv.transfersystem.service.CountryService.checkTrainLine(CountryService.java:194)
	at hu.nye.algterv.transfersystem.service.CountryService.lambda$12(CountryService.java:151)
	at java.base/java.lang.Iterable.forEach(Iterable.java:75)
	at hu.nye.algterv.transfersystem.service.CountryService.callCheckLines(CountryService.java:151)
	at hu.nye.algterv.transfersystem.service.CountryService.checkBusLine(CountryService.java:168)
	at hu.nye.algterv.transfersystem.service.CountryService.lambda$10(CountryService.java:145)
	at java.base/java.lang.Iterable.forEach(Iterable.java:75)
	at hu.nye.algterv.transfersystem.service.CountryService.callCheckLines(CountryService.java:145)
	at hu.nye.algterv.transfersystem.service.CountryService.checkTrainLine(CountryService.java:194)
	at hu.nye.algterv.transfersystem.service.CountryService.lambda$12(CountryService.java:151)
	at java.base/java.lang.Iterable.forEach(Iterable.java:75)
	at hu.nye.algterv.transfersystem.service.CountryService.callCheckLines(CountryService.java:151)
	at hu.nye.algterv.transfersystem.service.CountryService.checkTrainLine(CountryService.java:194)
	at hu.nye.algterv.transfersystem.service.CountryService.lambda$12(CountryService.java:151)
	at java.base/java.lang.Iterable.forEach(Iterable.java:75)
	at hu.nye.algterv.transfersystem.service.CountryService.callCheckLines(CountryService.java:151)
	at hu.nye.algterv.transfersystem.service.CountryService.checkBusLine(CountryService.java:168)
	at hu.nye.algterv.transfersystem.service.CountryService.lambda$10(CountryService.java:145)
	at java.base/java.lang.Iterable.forEach(Iterable.java:75)
	at hu.nye.algterv.transfersystem.service.CountryService.callCheckLines(CountryService.java:145)
	at hu.nye.algterv.transfersystem.service.CountryService.checkTrainLine(CountryService.java:194)
	at hu.nye.algterv.transfersystem.service.CountryService.lambda$12(CountryService.java:151)
	at java.base/java.lang.Iterable.forEach(Iterable.java:75)
	at hu.nye.algterv.transfersystem.service.CountryService.callCheckLines(CountryService.java:151)
	at hu.nye.algterv.transfersystem.service.CountryService.checkTrainLine(CountryService.java:194)
	at hu.nye.algterv.transfersystem.service.CountryService.lambda$12(CountryService.java:151)
	at java.base/java.lang.Iterable.forEach(Iterable.java:75)
	at hu.nye.algterv.transfersystem.service.CountryService.callCheckLines(CountryService.java:151)
	at hu.nye.algterv.transfersystem.service.CountryService.checkBusLine(CountryService.java:168)
	at hu.nye.algterv.transfersystem.service.CountryService.lambda$10(CountryService.java:145)
	at java.base/java.lang.Iterable.forEach(Iterable.java:75)
	at hu.nye.algterv.transfersystem.service.CountryService.callCheckLines(CountryService.java:145)
	at hu.nye.algterv.transfersystem.service.CountryService.checkTrainLine(CountryService.java:194)
	at hu.nye.algterv.transfersystem.service.CountryService.lambda$12(CountryService.java:151)
	at java.base/java.lang.Iterable.forEach(Iterable.java:75)
	at hu.nye.algterv.transfersystem.service.CountryService.callCheckLines(CountryService.java:151)
	at hu.nye.algterv.transfersystem.service.CountryService.checkTrainLine(CountryService.java:194)
	at hu.nye.algterv.transfersystem.service.CountryService.lambda$12(CountryService.java:151)
	at java.base/java.lang.Iterable.forEach(Iterable.java:75)
	at hu.nye.algterv.transfersystem.service.CountryService.callCheckLines(CountryService.java:151)
	at hu.nye.algterv.transfersystem.service.CountryService.checkBusLine(CountryService.java:168)
	at hu.nye.algterv.transfersystem.service.CountryService.lambda$10(CountryService.java:145)
	at java.base/java.lang.Iterable.forEach(Iterable.java:75)
	at hu.nye.algterv.transfersystem.service.CountryService.callCheckLines(CountryService.java:145)
	at hu.nye.algterv.transfersystem.service.CountryService.checkTrainLine(CountryService.java:194)
	at hu.nye.algterv.transfersystem.service.CountryService.lambda$12(CountryService.java:151)
	at java.base/java.lang.Iterable.forEach(Iterable.java:75)
	at hu.nye.algterv.transfersystem.service.CountryService.callCheckLines(CountryService.java:151)
	at hu.nye.algterv.transfersystem.service.CountryService.checkTrainLine(CountryService.java:194)
	at hu.nye.algterv.transfersystem.service.CountryService.lambda$12(CountryService.java:151)
	at java.base/java.lang.Iterable.forEach(Iterable.java:75)
	at hu.nye.algterv.transfersystem.service.CountryService.callCheckLines(CountryService.java:151)
	at hu.nye.algterv.transfersystem.service.CountryService.checkBusLine(CountryService.java:168)
	at hu.nye.algterv.transfersystem.service.CountryService.lambda$10(CountryService.java:145)
	at java.base/java.lang.Iterable.forEach(Iterable.java:75)
	at hu.nye.algterv.transfersystem.service.CountryService.callCheckLines(CountryService.java:145)
	at hu.nye.algterv.transfersystem.service.CountryService.checkTrainLine(CountryService.java:194)
	at hu.nye.algterv.transfersystem.service.CountryService.lambda$12(CountryService.java:151)
	at java.base/java.lang.Iterable.forEach(Iterable.java:75)
	at hu.nye.algterv.transfersystem.service.CountryService.callCheckLines(CountryService.java:151)
	at hu.nye.algterv.transfersystem.service.CountryService.checkTrainLine(CountryService.java:194)
	at hu.nye.algterv.transfersystem.service.CountryService.lambda$12(CountryService.java:151)
	at java.base/java.lang.Iterable.forEach(Iterable.java:75)
	at hu.nye.algterv.transfersystem.service.CountryService.callCheckLines(CountryService.java:151)
	at hu.nye.algterv.transfersystem.service.CountryService.checkBusLine(CountryService.java:168)
	at hu.nye.algterv.transfersystem.service.CountryService.lambda$10(CountryService.java:145)
	at java.base/java.lang.Iterable.forEach(Iterable.java:75)
	at hu.nye.algterv.transfersystem.service.CountryService.callCheckLines(CountryService.java:145)
	at hu.nye.algterv.transfersystem.service.CountryService.checkTrainLine(CountryService.java:194)
	at hu.nye.algterv.transfersystem.service.CountryService.lambda$12(CountryService.java:151)
	at java.base/java.lang.Iterable.forEach(Iterable.java:75)
	at hu.nye.algterv.transfersystem.service.CountryService.callCheckLines(CountryService.java:151)
	at hu.nye.algterv.transfersystem.service.CountryService.checkTrainLine(CountryService.java:194)
	at hu.nye.algterv.transfersystem.service.CountryService.lambda$12(CountryService.java:151)
	at java.base/java.lang.Iterable.forEach(Iterable.java:75)
	at hu.nye.algterv.transfersystem.service.CountryService.callCheckLines(CountryService.java:151)
	at hu.nye.algterv.transfersystem.service.CountryService.checkBusLine(CountryService.java:168)
	at hu.nye.algterv.transfersystem.service.CountryService.lambda$10(CountryService.java:145)
	at java.base/java.lang.Iterable.forEach(Iterable.java:75)
	at hu.nye.algterv.transfersystem.service.CountryService.callCheckLines(CountryService.java:145)
	at hu.nye.algterv.transfersystem.service.CountryService.checkTrainLine(CountryService.java:194)
	at hu.nye.algterv.transfersystem.service.CountryService.lambda$12(CountryService.java:151)
	at java.base/java.lang.Iterable.forEach(Iterable.java:75)
	at hu.nye.algterv.transfersystem.service.CountryService.callCheckLines(CountryService.java:151)
	at hu.nye.algterv.transfersystem.service.CountryService.checkTrainLine(CountryService.java:194)
	at hu.nye.algterv.transfersystem.service.CountryService.lambda$12(CountryService.java:151)
	at java.base/java.lang.Iterable.forEach(Iterable.java:75)
	at hu.nye.algterv.transfersystem.service.CountryService.callCheckLines(CountryService.java:151)
	at hu.nye.algterv.transfersystem.service.CountryService.checkBusLine(CountryService.java:168)
	at hu.nye.algterv.transfersystem.service.CountryService.lambda$10(CountryService.java:145)
	at java.base/java.lang.Iterable.forEach(Iterable.java:75)
	at hu.nye.algterv.transfersystem.service.CountryService.callCheckLines(CountryService.java:145)
	at hu.nye.algterv.transfersystem.service.CountryService.checkTrainLine(CountryService.java:194)
	at hu.nye.algterv.transfersystem.service.CountryService.lambda$12(CountryService.java:151)
	at java.base/java.lang.Iterable.forEach(Iterable.java:75)
	at hu.nye.algterv.transfersystem.service.CountryService.callCheckLines(CountryService.java:151)
	at hu.nye.algterv.transfersystem.service.CountryService.checkTrainLine(CountryService.java:194)
	at hu.nye.algterv.transfersystem.service.CountryService.lambda$12(CountryService.java:151)
	at java.base/java.lang.Iterable.forEach(Iterable.java:75)
	at hu.nye.algterv.transfersystem.service.CountryService.callCheckLines(CountryService.java:151)
	at hu.nye.algterv.transfersystem.service.CountryService.checkBusLine(CountryService.java:168)
	at hu.nye.algterv.transfersystem.service.CountryService.lambda$10(CountryService.java:145)
	at java.base/java.lang.Iterable.forEach(Iterable.java:75)
	at hu.nye.algterv.transfersystem.service.CountryService.callCheckLines(CountryService.java:145)
	at hu.nye.algterv.transfersystem.service.CountryService.checkTrainLine(CountryService.java:194)
	at hu.nye.algterv.transfersystem.service.CountryService.lambda$12(CountryService.java:151)
	at java.base/java.lang.Iterable.forEach(Iterable.java:75)
	at hu.nye.algterv.transfersystem.service.CountryService.callCheckLines(CountryService.java:151)
	at hu.nye.algterv.transfersystem.service.CountryService.checkTrainLine(CountryService.java:194)
	at hu.nye.algterv.transfersystem.service.CountryService.lambda$12(CountryService.java:151)
	at java.base/java.lang.Iterable.forEach(Iterable.java:75)
	at hu.nye.algterv.transfersystem.service.CountryService.callCheckLines(CountryService.java:151)
	at hu.nye.algterv.transfersystem.service.CountryService.checkBusLine(CountryService.java:168)
	at hu.nye.algterv.transfersystem.service.CountryService.lambda$10(CountryService.java:145)
	at java.base/java.lang.Iterable.forEach(Iterable.java:75)
	at hu.nye.algterv.transfersystem.service.CountryService.callCheckLines(CountryService.java:145)
	at hu.nye.algterv.transfersystem.service.CountryService.checkTrainLine(CountryService.java:194)
	at hu.nye.algterv.transfersystem.service.CountryService.lambda$12(CountryService.java:151)
	at java.base/java.lang.Iterable.forEach(Iterable.java:75)
	at hu.nye.algterv.transfersystem.service.CountryService.callCheckLines(CountryService.java:151)
	at hu.nye.algterv.transfersystem.service.CountryService.checkTrainLine(CountryService.java:194)
	at hu.nye.algterv.transfersystem.service.CountryService.lambda$12(CountryService.java:151)
	at java.base/java.lang.Iterable.forEach(Iterable.java:75)
	at hu.nye.algterv.transfersystem.service.CountryService.callCheckLines(CountryService.java:151)
	at hu.nye.algterv.transfersystem.service.CountryService.checkBusLine(CountryService.java:168)
	at hu.nye.algterv.transfersystem.service.CountryService.lambda$10(CountryService.java:145)
	at java.base/java.lang.Iterable.forEach(Iterable.java:75)
	at hu.nye.algterv.transfersystem.service.CountryService.callCheckLines(CountryService.java:145)
	at hu.nye.algterv.transfersystem.service.CountryService.checkTrainLine(CountryService.java:194)
	at hu.nye.algterv.transfersystem.service.CountryService.lambda$12(CountryService.java:151)
	at java.base/java.lang.Iterable.forEach(Iterable.java:75)
	at hu.nye.algterv.transfersystem.service.CountryService.callCheckLines(CountryService.java:151)
	at hu.nye.algterv.transfersystem.service.CountryService.checkTrainLine(CountryService.java:194)
	at hu.nye.algterv.transfersystem.service.CountryService.lambda$12(CountryService.java:151)
	at java.base/java.lang.Iterable.forEach(Iterable.java:75)
	at hu.nye.algterv.transfersystem.service.CountryService.callCheckLines(CountryService.java:151)
	at hu.nye.algterv.transfersystem.service.CountryService.checkBusLine(CountryService.java:168)
	at hu.nye.algterv.transfersystem.service.CountryService.lambda$10(CountryService.java:145)
	at java.base/java.lang.Iterable.forEach(Iterable.java:75)
	at hu.nye.algterv.transfersystem.service.CountryService.callCheckLines(CountryService.java:145)
	at hu.nye.algterv.transfersystem.service.CountryService.checkTrainLine(CountryService.java:194)
	at hu.nye.algterv.transfersystem.service.CountryService.lambda$12(CountryService.java:151)
	at java.base/java.lang.Iterable.forEach(Iterable.java:75)
	at hu.nye.algterv.transfersystem.service.CountryService.callCheckLines(CountryService.java:151)
	at hu.nye.algterv.transfersystem.service.CountryService.checkTrainLine(CountryService.java:194)
	at hu.nye.algterv.transfersystem.service.CountryService.lambda$12(CountryService.java:151)
	at java.base/java.lang.Iterable.forEach(Iterable.java:75)
	at hu.nye.algterv.transfersystem.service.CountryService.callCheckLines(CountryService.java:151)
	at hu.nye.algterv.transfersystem.service.CountryService.checkBusLine(CountryService.java:168)
	at hu.nye.algterv.transfersystem.service.CountryService.lambda$10(CountryService.java:145)
	at java.base/java.lang.Iterable.forEach(Iterable.java:75)
	at hu.nye.algterv.transfersystem.service.CountryService.callCheckLines(CountryService.java:145)
	at hu.nye.algterv.transfersystem.service.CountryService.checkTrainLine(CountryService.java:194)
	at hu.nye.algterv.transfersystem.service.CountryService.lambda$12(CountryService.java:151)
	at java.base/java.lang.Iterable.forEach(Iterable.java:75)
	at hu.nye.algterv.transfersystem.service.CountryService.callCheckLines(CountryService.java:151)
	at hu.nye.algterv.transfersystem.service.CountryService.checkTrainLine(CountryService.java:194)
	at hu.nye.algterv.transfersystem.service.CountryService.lambda$12(CountryService.java:151)
	at java.base/java.lang.Iterable.forEach(Iterable.java:75)
	at hu.nye.algterv.transfersystem.service.CountryService.callCheckLines(CountryService.java:151)
	at hu.nye.algterv.transfersystem.service.CountryService.checkBusLine(CountryService.java:168)
	at hu.nye.algterv.transfersystem.service.CountryService.lambda$10(CountryService.java:145)
	at java.base/java.lang.Iterable.forEach(Iterable.java:75)
	at hu.nye.algterv.transfersystem.service.CountryService.callCheckLines(CountryService.java:145)
	at hu.nye.algterv.transfersystem.service.CountryService.checkTrainLine(CountryService.java:194)
	at hu.nye.algterv.transfersystem.service.CountryService.lambda$12(CountryService.java:151)
	at java.base/java.lang.Iterable.forEach(Iterable.java:75)
	at hu.nye.algterv.transfersystem.service.CountryService.callCheckLines(CountryService.java:151)
	at hu.nye.algterv.transfersystem.service.CountryService.checkTrainLine(CountryService.java:194)
	at hu.nye.algterv.transfersystem.service.CountryService.lambda$12(CountryService.java:151)
	at java.base/java.lang.Iterable.forEach(Iterable.java:75)
	at hu.nye.algterv.transfersystem.service.CountryService.callCheckLines(CountryService.java:151)
	at hu.nye.algterv.transfersystem.service.CountryService.checkBusLine(CountryService.java:168)
	at hu.nye.algterv.transfersystem.service.CountryService.lambda$10(CountryService.java:145)
	at java.base/java.lang.Iterable.forEach(Iterable.java:75)
	at hu.nye.algterv.transfersystem.service.CountryService.callCheckLines(CountryService.java:145)
	at hu.nye.algterv.transfersystem.service.CountryService.checkTrainLine(CountryService.java:194)
	at hu.nye.algterv.transfersystem.service.CountryService.lambda$12(CountryService.java:151)
	at java.base/java.lang.Iterable.forEach(Iterable.java:75)
	at hu.nye.algterv.transfersystem.service.CountryService.callCheckLines(CountryService.java:151)
	at hu.nye.algterv.transfersystem.service.CountryService.checkTrainLine(CountryService.java:194)
	at hu.nye.algterv.transfersystem.service.CountryService.lambda$12(CountryService.java:151)
	at java.base/java.lang.Iterable.forEach(Iterable.java:75)
	at hu.nye.algterv.transfersystem.service.CountryService.callCheckLines(CountryService.java:151)
	at hu.nye.algterv.transfersystem.service.CountryService.checkBusLine(CountryService.java:168)
	at hu.nye.algterv.transfersystem.service.CountryService.lambda$10(CountryService.java:145)
	at java.base/java.lang.Iterable.forEach(Iterable.java:75)
	at hu.nye.algterv.transfersystem.service.CountryService.callCheckLines(CountryService.java:145)
	at hu.nye.algterv.transfersystem.service.CountryService.checkTrainLine(CountryService.java:194)
	at hu.nye.algterv.transfersystem.service.CountryService.lambda$12(CountryService.java:151)
	at java.base/java.lang.Iterable.forEach(Iterable.java:75)
	at hu.nye.algterv.transfersystem.service.CountryService.callCheckLines(CountryService.java:151)
	at hu.nye.algterv.transfersystem.service.CountryService.checkTrainLine(CountryService.java:194)
	at hu.nye.algterv.transfersystem.service.CountryService.lambda$12(CountryService.java:151)
	at java.base/java.lang.Iterable.forEach(Iterable.java:75)
	at hu.nye.algterv.transfersystem.service.CountryService.callCheckLines(CountryService.java:151)
	at hu.nye.algterv.transfersystem.service.CountryService.checkBusLine(CountryService.java:168)
	at hu.nye.algterv.transfersystem.service.CountryService.lambda$10(CountryService.java:145)
	at java.base/java.lang.Iterable.forEach(Iterable.java:75)
	at hu.nye.algterv.transfersystem.service.CountryService.callCheckLines(CountryService.java:145)
	at hu.nye.algterv.transfersystem.service.CountryService.checkTrainLine(CountryService.java:194)
	at hu.nye.algterv.transfersystem.service.CountryService.lambda$12(CountryService.java:151)
	at java.base/java.lang.Iterable.forEach(Iterable.java:75)
	at hu.nye.algterv.transfersystem.service.CountryService.callCheckLines(CountryService.java:151)
	at hu.nye.algterv.transfersystem.service.CountryService.checkTrainLine(CountryService.java:194)
	at hu.nye.algterv.transfersystem.service.CountryService.lambda$12(CountryService.java:151)
	at java.base/java.lang.Iterable.forEach(Iterable.java:75)
	at hu.nye.algterv.transfersystem.service.CountryService.callCheckLines(CountryService.java:151)
	at hu.nye.algterv.transfersystem.service.CountryService.checkBusLine(CountryService.java:168)
	at hu.nye.algterv.transfersystem.service.CountryService.lambda$10(CountryService.java:145)
	at java.base/java.lang.Iterable.forEach(Iterable.java:75)
	at hu.nye.algterv.transfersystem.service.CountryService.callCheckLines(CountryService.java:145)
	at hu.nye.algterv.transfersystem.service.CountryService.checkTrainLine(CountryService.java:194)
	at hu.nye.algterv.transfersystem.service.CountryService.lambda$12(CountryService.java:151)
	at java.base/java.lang.Iterable.forEach(Iterable.java:75)
	at hu.nye.algterv.transfersystem.service.CountryService.callCheckLines(CountryService.java:151)
	at hu.nye.algterv.transfersystem.service.CountryService.checkTrainLine(CountryService.java:194)
	at hu.nye.algterv.transfersystem.service.CountryService.lambda$12(CountryService.java:151)
	at java.base/java.lang.Iterable.forEach(Iterable.java:75)
	at hu.nye.algterv.transfersystem.service.CountryService.callCheckLines(CountryService.java:151)
	at hu.nye.algterv.transfersystem.service.CountryService.checkBusLine(CountryService.java:168)
	at hu.nye.algterv.transfersystem.service.CountryService.lambda$10(CountryService.java:145)
	at java.base/java.lang.Iterable.forEach(Iterable.java:75)
	at hu.nye.algterv.transfersystem.service.CountryService.callCheckLines(CountryService.java:145)
	at hu.nye.algterv.transfersystem.service.CountryService.checkTrainLine(CountryService.java:194)
	at hu.nye.algterv.transfersystem.service.CountryService.lambda$12(CountryService.java:151)
	at java.base/java.lang.Iterable.forEach(Iterable.java:75)
	at hu.nye.algterv.transfersystem.service.CountryService.callCheckLines(CountryService.java:151)
	at hu.nye.algterv.transfersystem.service.CountryService.checkTrainLine(CountryService.java:194)
	at hu.nye.algterv.transfersystem.service.CountryService.lambda$12(CountryService.java:151)
	at java.base/java.lang.Iterable.forEach(Iterable.java:75)
	at hu.nye.algterv.transfersystem.service.CountryService.callCheckLines(CountryService.java:151)
	at hu.nye.algterv.transfersystem.service.CountryService.checkBusLine(CountryService.java:168)
	at hu.nye.algterv.transfersystem.service.CountryService.lambda$10(CountryService.java:145)
	at java.base/java.lang.Iterable.forEach(Iterable.java:75)
	at hu.nye.algterv.transfersystem.service.CountryService.callCheckLines(CountryService.java:145)
	at hu.nye.algterv.transfersystem.service.CountryService.checkTrainLine(CountryService.java:194)
	at hu.nye.algterv.transfersystem.service.CountryService.lambda$12(CountryService.java:151)
	at java.base/java.lang.Iterable.forEach(Iterable.java:75)
	at hu.nye.algterv.transfersystem.service.CountryService.callCheckLines(CountryService.java:151)
	at hu.nye.algterv.transfersystem.service.CountryService.checkTrainLine(CountryService.java:194)
	at hu.nye.algterv.transfersystem.service.CountryService.lambda$12(CountryService.java:151)
	at java.base/java.lang.Iterable.forEach(Iterable.java:75)
	at hu.nye.algterv.transfersystem.service.CountryService.callCheckLines(CountryService.java:151)
	at hu.nye.algterv.transfersystem.service.CountryService.checkBusLine(CountryService.java:168)
	at hu.nye.algterv.transfersystem.service.CountryService.lambda$10(CountryService.java:145)
	at java.base/java.lang.Iterable.forEach(Iterable.java:75)
	at hu.nye.algterv.transfersystem.service.CountryService.callCheckLines(CountryService.java:145)
	at hu.nye.algterv.transfersystem.service.CountryService.checkTrainLine(CountryService.java:194)
	at hu.nye.algterv.transfersystem.service.CountryService.lambda$12(CountryService.java:151)
	at java.base/java.lang.Iterable.forEach(Iterable.java:75)
	at hu.nye.algterv.transfersystem.service.CountryService.callCheckLines(CountryService.java:151)
	at hu.nye.algterv.transfersystem.service.CountryService.checkTrainLine(CountryService.java:194)
	at hu.nye.algterv.transfersystem.service.CountryService.lambda$12(CountryService.java:151)
	at java.base/java.lang.Iterable.forEach(Iterable.java:75)
	at hu.nye.algterv.transfersystem.service.CountryService.callCheckLines(CountryService.java:151)
	at hu.nye.algterv.transfersystem.service.CountryService.checkBusLine(CountryService.java:168)
	at hu.nye.algterv.transfersystem.service.CountryService.lambda$10(CountryService.java:145)
	at java.base/java.lang.Iterable.forEach(Iterable.java:75)
	at hu.nye.algterv.transfersystem.service.CountryService.callCheckLines(CountryService.java:145)
	at hu.nye.algterv.transfersystem.service.CountryService.checkTrainLine(CountryService.java:194)
	at hu.nye.algterv.transfersystem.service.CountryService.lambda$12(CountryService.java:151)
	at java.base/java.lang.Iterable.forEach(Iterable.java:75)
	at hu.nye.algterv.transfersystem.service.CountryService.callCheckLines(CountryService.java:151)
	at hu.nye.algterv.transfersystem.service.CountryService.checkTrainLine(CountryService.java:194)
	at hu.nye.algterv.transfersystem.service.CountryService.lambda$12(CountryService.java:151)
	at java.base/java.lang.Iterable.forEach(Iterable.java:75)
	at hu.nye.algterv.transfersystem.service.CountryService.callCheckLines(CountryService.java:151)
	at hu.nye.algterv.transfersystem.service.CountryService.checkBusLine(CountryService.java:168)
	at hu.nye.algterv.transfersystem.service.CountryService.lambda$10(CountryService.java:145)
	at java.base/java.lang.Iterable.forEach(Iterable.java:75)
	at hu.nye.algterv.transfersystem.service.CountryService.callCheckLines(CountryService.java:145)
	at hu.nye.algterv.transfersystem.service.CountryService.checkTrainLine(CountryService.java:194)
	at hu.nye.algterv.transfersystem.service.CountryService.lambda$12(CountryService.java:151)
	at java.base/java.lang.Iterable.forEach(Iterable.java:75)
	at hu.nye.algterv.transfersystem.service.CountryService.callCheckLines(CountryService.java:151)
	at hu.nye.algterv.transfersystem.service.CountryService.checkTrainLine(CountryService.java:194)
	at hu.nye.algterv.transfersystem.service.CountryService.lambda$12(CountryService.java:151)
	at java.base/java.lang.Iterable.forEach(Iterable.java:75)
	at hu.nye.algterv.transfersystem.service.CountryService.callCheckLines(CountryService.java:151)
	at hu.nye.algterv.transfersystem.service.CountryService.checkBusLine(CountryService.java:168)
	at hu.nye.algterv.transfersystem.service.CountryService.lambda$10(CountryService.java:145)
	at java.base/java.lang.Iterable.forEach(Iterable.java:75)
	at hu.nye.algterv.transfersystem.service.CountryService.callCheckLines(CountryService.java:145)
	at hu.nye.algterv.transfersystem.service.CountryService.checkTrainLine(CountryService.java:194)
	at hu.nye.algterv.transfersystem.service.CountryService.lambda$12(CountryService.java:151)
	at java.base/java.lang.Iterable.forEach(Iterable.java:75)
	at hu.nye.algterv.transfersystem.service.CountryService.callCheckLines(CountryService.java:151)
	at hu.nye.algterv.transfersystem.service.CountryService.checkTrainLine(CountryService.java:194)
	at hu.nye.algterv.transfersystem.service.CountryService.lambda$12(CountryService.java:151)
	at java.base/java.lang.Iterable.forEach(Iterable.java:75)
	at hu.nye.algterv.transfersystem.service.CountryService.callCheckLines(CountryService.java:151)
	at hu.nye.algterv.transfersystem.service.CountryService.checkBusLine(CountryService.java:168)
	at hu.nye.algterv.transfersystem.service.CountryService.lambda$10(CountryService.java:145)
	at java.base/java.lang.Iterable.forEach(Iterable.java:75)
	at hu.nye.algterv.transfersystem.service.CountryService.callCheckLines(CountryService.java:145)
	at hu.nye.algterv.transfersystem.service.CountryService.checkTrainLine(CountryService.java:194)
	at hu.nye.algterv.transfersystem.service.CountryService.lambda$12(CountryService.java:151)
	at java.base/java.lang.Iterable.forEach(Iterable.java:75)
	at hu.nye.algterv.transfersystem.service.CountryService.callCheckLines(CountryService.java:151)
	at hu.nye.algterv.transfersystem.service.CountryService.checkTrainLine(CountryService.java:194)
	at hu.nye.algterv.transfersystem.service.CountryService.lambda$12(CountryService.java:151)
	at java.base/java.lang.Iterable.forEach(Iterable.java:75)
	at hu.nye.algterv.transfersystem.service.CountryService.callCheckLines(CountryService.java:151)
	at hu.nye.algterv.transfersystem.service.CountryService.checkBusLine(CountryService.java:168)
	at hu.nye.algterv.transfersystem.service.CountryService.lambda$10(CountryService.java:145)
	at java.base/java.lang.Iterable.forEach(Iterable.java:75)
	at hu.nye.algterv.transfersystem.service.CountryService.callCheckLines(CountryService.java:145)
	at hu.nye.algterv.transfersystem.service.CountryService.checkTrainLine(CountryService.java:194)
	at hu.nye.algterv.transfersystem.service.CountryService.lambda$12(CountryService.java:151)
	at java.base/java.lang.Iterable.forEach(Iterable.java:75)
	at hu.nye.algterv.transfersystem.service.CountryService.callCheckLines(CountryService.java:151)
	at hu.nye.algterv.transfersystem.service.CountryService.checkTrainLine(CountryService.java:194)
	at hu.nye.algterv.transfersystem.service.CountryService.lambda$12(CountryService.java:151)
	at java.base/java.lang.Iterable.forEach(Iterable.java:75)
	at hu.nye.algterv.transfersystem.service.CountryService.callCheckLines(CountryService.java:151)
	at hu.nye.algterv.transfersystem.service.CountryService.checkBusLine(CountryService.java:168)
	at hu.nye.algterv.transfersystem.service.CountryService.lambda$10(CountryService.java:145)
	at java.base/java.lang.Iterable.forEach(Iterable.java:75)
	at hu.nye.algterv.transfersystem.service.CountryService.callCheckLines(CountryService.java:145)
	at hu.nye.algterv.transfersystem.service.CountryService.checkTrainLine(CountryService.java:194)
	at hu.nye.algterv.transfersystem.service.CountryService.lambda$12(CountryService.java:151)
	at java.base/java.lang.Iterable.forEach(Iterable.java:75)
	at hu.nye.algterv.transfersystem.service.CountryService.callCheckLines(CountryService.java:151)
	at hu.nye.algterv.transfersystem.service.CountryService.checkTrainLine(CountryService.java:194)
	at hu.nye.algterv.transfersystem.service.CountryService.lambda$12(CountryService.java:151)
	at java.base/java.lang.Iterable.forEach(Iterable.java:75)
	at hu.nye.algterv.transfersystem.service.CountryService.callCheckLines(CountryService.java:151)
	at hu.nye.algterv.transfersystem.service.CountryService.checkBusLine(CountryService.java:168)
	at hu.nye.algterv.transfersystem.service.CountryService.lambda$10(CountryService.java:145)
	at java.base/java.lang.Iterable.forEach(Iterable.java:75)
	at hu.nye.algterv.transfersystem.service.CountryService.callCheckLines(CountryService.java:145)
	at hu.nye.algterv.transfersystem.service.CountryService.checkTrainLine(CountryService.java:194)
	at hu.nye.algterv.transfersystem.service.CountryService.lambda$12(CountryService.java:151)
	at java.base/java.lang.Iterable.forEach(Iterable.java:75)
	at hu.nye.algterv.transfersystem.service.CountryService.callCheckLines(CountryService.java:151)
	at hu.nye.algterv.transfersystem.service.CountryService.checkTrainLine(CountryService.java:194)
	at hu.nye.algterv.transfersystem.service.CountryService.lambda$12(CountryService.java:151)
	at java.base/java.lang.Iterable.forEach(Iterable.java:75)
	at hu.nye.algterv.transfersystem.service.CountryService.callCheckLines(CountryService.java:151)
	at hu.nye.algterv.transfersystem.service.CountryService.checkBusLine(CountryService.java:168)
	at hu.nye.algterv.transfersystem.service.CountryService.lambda$10(CountryService.java:145)
	at java.base/java.lang.Iterable.forEach(Iterable.java:75)
	at hu.nye.algterv.transfersystem.service.CountryService.callCheckLines(CountryService.java:145)
	at hu.nye.algterv.transfersystem.service.CountryService.checkTrainLine(CountryService.java:194)
	at hu.nye.algterv.transfersystem.service.CountryService.lambda$12(CountryService.java:151)
	at java.base/java.lang.Iterable.forEach(Iterable.java:75)
	at hu.nye.algterv.transfersystem.service.CountryService.callCheckLines(CountryService.java:151)
	at hu.nye.algterv.transfersystem.service.CountryService.checkTrainLine(CountryService.java:194)
	at hu.nye.algterv.transfersystem.service.CountryService.lambda$12(CountryService.java:151)
	at java.base/java.lang.Iterable.forEach(Iterable.java:75)
	at hu.nye.algterv.transfersystem.service.CountryService.callCheckLines(CountryService.java:151)
	at hu.nye.algterv.transfersystem.service.CountryService.checkBusLine(CountryService.java:168)
	at hu.nye.algterv.transfersystem.service.CountryService.lambda$10(CountryService.java:145)
	at java.base/java.lang.Iterable.forEach(Iterable.java:75)
	at hu.nye.algterv.transfersystem.service.CountryService.callCheckLines(CountryService.java:145)
	at hu.nye.algterv.transfersystem.service.CountryService.checkTrainLine(CountryService.java:194)
	at hu.nye.algterv.transfersystem.service.CountryService.lambda$12(CountryService.java:151)
	at java.base/java.lang.Iterable.forEach(Iterable.java:75)
	at hu.nye.algterv.transfersystem.service.CountryService.callCheckLines(CountryService.java:151)
	at hu.nye.algterv.transfersystem.service.CountryService.checkTrainLine(CountryService.java:194)
	at hu.nye.algterv.transfersystem.service.CountryService.lambda$12(CountryService.java:151)
	at java.base/java.lang.Iterable.forEach(Iterable.java:75)
	at hu.nye.algterv.transfersystem.service.CountryService.callCheckLines(CountryService.java:151)
	at hu.nye.algterv.transfersystem.service.CountryService.checkBusLine(CountryService.java:168)
	at hu.nye.algterv.transfersystem.service.CountryService.lambda$10(CountryService.java:145)
	at java.base/java.lang.Iterable.forEach(Iterable.java:75)
	at hu.nye.algterv.transfersystem.service.CountryService.callCheckLines(CountryService.java:145)
	at hu.nye.algterv.transfersystem.service.CountryService.checkTrainLine(CountryService.java:194)
	at hu.nye.algterv.transfersystem.service.CountryService.lambda$12(CountryService.java:151)
	at java.base/java.lang.Iterable.forEach(Iterable.java:75)
	at hu.nye.algterv.transfersystem.service.CountryService.callCheckLines(CountryService.java:151)
	at hu.nye.algterv.transfersystem.service.CountryService.checkTrainLine(CountryService.java:194)
	at hu.nye.algterv.transfersystem.service.CountryService.lambda$12(CountryService.java:151)
	at java.base/java.lang.Iterable.forEach(Iterable.java:75)
	at hu.nye.algterv.transfersystem.service.CountryService.callCheckLines(CountryService.java:151)
	at hu.nye.algterv.transfersystem.service.CountryService.checkBusLine(CountryService.java:168)
	at hu.nye.algterv.transfersystem.service.CountryService.lambda$10(CountryService.java:145)
	at java.base/java.lang.Iterable.forEach(Iterable.java:75)
	at hu.nye.algterv.transfersystem.service.CountryService.callCheckLines(CountryService.java:145)
	at hu.nye.algterv.transfersystem.service.CountryService.checkTrainLine(CountryService.java:194)
	at hu.nye.algterv.transfersystem.service.CountryService.lambda$12(CountryService.java:151)
	at java.base/java.lang.Iterable.forEach(Iterable.java:75)
	at hu.nye.algterv.transfersystem.service.CountryService.callCheckLines(CountryService.java:151)
	at hu.nye.algterv.transfersystem.service.CountryService.checkTrainLine(CountryService.java:194)
	at hu.nye.algterv.transfersystem.service.CountryService.lambda$12(CountryService.java:151)
	at java.base/java.lang.Iterable.forEach(Iterable.java:75)
	at hu.nye.algterv.transfersystem.service.CountryService.callCheckLines(CountryService.java:151)
	at hu.nye.algterv.transfersystem.service.CountryService.checkBusLine(CountryService.java:168)
	at hu.nye.algterv.transfersystem.service.CountryService.lambda$10(CountryService.java:145)
	at java.base/java.lang.Iterable.forEach(Iterable.java:75)
	at hu.nye.algterv.transfersystem.service.CountryService.callCheckLines(CountryService.java:145)
	at hu.nye.algterv.transfersystem.service.CountryService.checkTrainLine(CountryService.java:194)
	at hu.nye.algterv.transfersystem.service.CountryService.lambda$12(CountryService.java:151)
	at java.base/java.lang.Iterable.forEach(Iterable.java:75)
	at hu.nye.algterv.transfersystem.service.CountryService.callCheckLines(CountryService.java:151)
	at hu.nye.algterv.transfersystem.service.CountryService.checkTrainLine(CountryService.java:194)
	at hu.nye.algterv.transfersystem.service.CountryService.lambda$12(CountryService.java:151)
	at java.base/java.lang.Iterable.forEach(Iterable.java:75)
	at hu.nye.algterv.transfersystem.service.CountryService.callCheckLines(CountryService.java:151)
	at hu.nye.algterv.transfersystem.service.CountryService.checkBusLine(CountryService.java:168)
	at hu.nye.algterv.transfersystem.service.CountryService.lambda$10(CountryService.java:145)
	at java.base/java.lang.Iterable.forEach(Iterable.java:75)
	at hu.nye.algterv.transfersystem.service.CountryService.callCheckLines(CountryService.java:145)
	at hu.nye.algterv.transfersystem.service.CountryService.checkTrainLine(CountryService.java:194)
	at hu.nye.algterv.transfersystem.service.CountryService.lambda$12(CountryService.java:151)
	at java.base/java.lang.Iterable.forEach(Iterable.java:75)
	at hu.nye.algterv.transfersystem.service.CountryService.callCheckLines(CountryService.java:151)
	at hu.nye.algterv.transfersystem.service.CountryService.checkTrainLine(CountryService.java:194)
	at hu.nye.algterv.transfersystem.service.CountryService.lambda$12(CountryService.java:151)
	at java.base/java.lang.Iterable.forEach(Iterable.java:75)
	at hu.nye.algterv.transfersystem.service.CountryService.callCheckLines(CountryService.java:151)
	at hu.nye.algterv.transfersystem.service.CountryService.checkBusLine(CountryService.java:168)
	at hu.nye.algterv.transfersystem.service.CountryService.lambda$10(CountryService.java:145)
	at java.base/java.lang.Iterable.forEach(Iterable.java:75)
	at hu.nye.algterv.transfersystem.service.CountryService.callCheckLines(CountryService.java:145)
	at hu.nye.algterv.transfersystem.service.CountryService.checkTrainLine(CountryService.java:194)
	at hu.nye.algterv.transfersystem.service.CountryService.lambda$12(CountryService.java:151)
	at java.base/java.lang.Iterable.forEach(Iterable.java:75)
	at hu.nye.algterv.transfersystem.service.CountryService.callCheckLines(CountryService.java:151)
	at hu.nye.algterv.transfersystem.service.CountryService.checkTrainLine(CountryService.java:194)
	at hu.nye.algterv.transfersystem.service.CountryService.lambda$12(CountryService.java:151)
	at java.base/java.lang.Iterable.forEach(Iterable.java:75)
	at hu.nye.algterv.transfersystem.service.CountryService.callCheckLines(CountryService.java:151)
	at hu.nye.algterv.transfersystem.service.CountryService.checkBusLine(CountryService.java:168)
	at hu.nye.algterv.transfersystem.service.CountryService.lambda$10(CountryService.java:145)
	at java.base/java.lang.Iterable.forEach(Iterable.java:75)
	at hu.nye.algterv.transfersystem.service.CountryService.callCheckLines(CountryService.java:145)
	at hu.nye.algterv.transfersystem.service.CountryService.checkTrainLine(CountryService.java:194)
	at hu.nye.algterv.transfersystem.service.CountryService.lambda$12(CountryService.java:151)
	at java.base/java.lang.Iterable.forEach(Iterable.java:75)
	at hu.nye.algterv.transfersystem.service.CountryService.callCheckLines(CountryService.java:151)
	at hu.nye.algterv.transfersystem.service.CountryService.checkTrainLine(CountryService.java:194)
	at hu.nye.algterv.transfersystem.service.CountryService.lambda$12(CountryService.java:151)
	at java.base/java.lang.Iterable.forEach(Iterable.java:75)
	at hu.nye.algterv.transfersystem.service.CountryService.callCheckLines(CountryService.java:151)
	at hu.nye.algterv.transfersystem.service.CountryService.checkBusLine(CountryService.java:168)
	at hu.nye.algterv.transfersystem.service.CountryService.lambda$10(CountryService.java:145)
	at java.base/java.lang.Iterable.forEach(Iterable.java:75)
	at hu.nye.algterv.transfersystem.service.CountryService.callCheckLines(CountryService.java:145)
	at hu.nye.algterv.transfersystem.service.CountryService.checkTrainLine(CountryService.java:194)
	at hu.nye.algterv.transfersystem.service.CountryService.lambda$12(CountryService.java:151)
	at java.base/java.lang.Iterable.forEach(Iterable.java:75)
	at hu.nye.algterv.transfersystem.service.CountryService.callCheckLines(CountryService.java:151)
	at hu.nye.algterv.transfersystem.service.CountryService.checkTrainLine(CountryService.java:194)
	at hu.nye.algterv.transfersystem.service.CountryService.lambda$12(CountryService.java:151)
	at java.base/java.lang.Iterable.forEach(Iterable.java:75)
	at hu.nye.algterv.transfersystem.service.CountryService.callCheckLines(CountryService.java:151)
	at hu.nye.algterv.transfersystem.service.CountryService.checkBusLine(CountryService.java:168)
	at hu.nye.algterv.transfersystem.service.CountryService.lambda$10(CountryService.java:145)
	at java.base/java.lang.Iterable.forEach(Iterable.java:75)
	at hu.nye.algterv.transfersystem.service.CountryService.callCheckLines(CountryService.java:145)
	at hu.nye.algterv.transfersystem.service.CountryService.checkTrainLine(CountryService.java:194)
	at hu.nye.algterv.transfersystem.service.CountryService.lambda$12(CountryService.java:151)
	at java.base/java.lang.Iterable.forEach(Iterable.java:75)
	at hu.nye.algterv.transfersystem.service.CountryService.callCheckLines(CountryService.java:151)
	at hu.nye.algterv.transfersystem.service.CountryService.checkTrainLine(CountryService.java:194)
	at hu.nye.algterv.transfersystem.service.CountryService.lambda$12(CountryService.java:151)
	at java.base/java.lang.Iterable.forEach(Iterable.java:75)
	at hu.nye.algterv.transfersystem.service.CountryService.callCheckLines(CountryService.java:151)
	at hu.nye.algterv.transfersystem.service.CountryService.checkBusLine(CountryService.java:168)
	at hu.nye.algterv.transfersystem.service.CountryService.lambda$10(CountryService.java:145)
	at java.base/java.lang.Iterable.forEach(Iterable.java:75)
	at hu.nye.algterv.transfersystem.service.CountryService.callCheckLines(CountryService.java:145)
	at hu.nye.algterv.transfersystem.service.CountryService.checkTrainLine(CountryService.java:194)
	at hu.nye.algterv.transfersystem.service.CountryService.lambda$12(CountryService.java:151)
	at java.base/java.lang.Iterable.forEach(Iterable.java:75)
	at hu.nye.algterv.transfersystem.service.CountryService.callCheckLines(CountryService.java:151)
	at hu.nye.algterv.transfersystem.service.CountryService.checkTrainLine(CountryService.java:194)
	at hu.nye.algterv.transfersystem.service.CountryService.lambda$12(CountryService.java:151)
	at java.base/java.lang.Iterable.forEach(Iterable.java:75)
	at hu.nye.algterv.transfersystem.service.CountryService.callCheckLines(CountryService.java:151)
	at hu.nye.algterv.transfersystem.service.CountryService.checkBusLine(CountryService.java:168)
	at hu.nye.algterv.transfersystem.service.CountryService.lambda$10(CountryService.java:145)
	at java.base/java.lang.Iterable.forEach(Iterable.java:75)
	at hu.nye.algterv.transfersystem.service.CountryService.callCheckLines(CountryService.java:145)
	at hu.nye.algterv.transfersystem.service.CountryService.checkTrainLine(CountryService.java:194)
	at hu.nye.algterv.transfersystem.service.CountryService.lambda$12(CountryService.java:151)
	at java.base/java.lang.Iterable.forEach(Iterable.java:75)
	at hu.nye.algterv.transfersystem.service.CountryService.callCheckLines(CountryService.java:151)
	at hu.nye.algterv.transfersystem.service.CountryService.checkTrainLine(CountryService.java:194)
	at hu.nye.algterv.transfersystem.service.CountryService.lambda$12(CountryService.java:151)
	at java.base/java.lang.Iterable.forEach(Iterable.java:75)
	at hu.nye.algterv.transfersystem.service.CountryService.callCheckLines(CountryService.java:151)
	at hu.nye.algterv.transfersystem.service.CountryService.checkBusLine(CountryService.java:168)
	at hu.nye.algterv.transfersystem.service.CountryService.lambda$10(CountryService.java:145)
	at java.base/java.lang.Iterable.forEach(Iterable.java:75)
	at hu.nye.algterv.transfersystem.service.CountryService.callCheckLines(CountryService.java:145)
	at hu.nye.algterv.transfersystem.service.CountryService.checkTrainLine(CountryService.java:194)
	at hu.nye.algterv.transfersystem.service.CountryService.lambda$12(CountryService.java:151)
	at java.base/java.lang.Iterable.forEach(Iterable.java:75)
	at hu.nye.algterv.transfersystem.service.CountryService.callCheckLines(CountryService.java:151)
	at hu.nye.algterv.transfersystem.service.CountryService.checkTrainLine(CountryService.java:194)
	at hu.nye.algterv.transfersystem.service.CountryService.lambda$12(CountryService.java:151)
	at java.base/java.lang.Iterable.forEach(Iterable.java:75)
	at hu.nye.algterv.transfersystem.service.CountryService.callCheckLines(CountryService.java:151)
	at hu.nye.algterv.transfersystem.service.CountryService.checkBusLine(CountryService.java:168)
	at hu.nye.algterv.transfersystem.service.CountryService.lambda$10(CountryService.java:145)
	at java.base/java.lang.Iterable.forEach(Iterable.java:75)
	at hu.nye.algterv.transfersystem.service.CountryService.callCheckLines(CountryService.java:145)
	at hu.nye.algterv.transfersystem.service.CountryService.checkTrainLine(CountryService.java:194)
	at hu.nye.algterv.transfersystem.service.CountryService.lambda$12(CountryService.java:151)
	at java.base/java.lang.Iterable.forEach(Iterable.java:75)
	at hu.nye.algterv.transfersystem.service.CountryService.callCheckLines(CountryService.java:151)
	at hu.nye.algterv.transfersystem.service.CountryService.checkTrainLine(CountryService.java:194)
	at hu.nye.algterv.transfersystem.service.CountryService.lambda$12(CountryService.java:151)
	at java.base/java.lang.Iterable.forEach(Iterable.java:75)
	at hu.nye.algterv.transfersystem.service.CountryService.callCheckLines(CountryService.java:151)
	at hu.nye.algterv.transfersystem.service.CountryService.checkBusLine(CountryService.java:168)
	at hu.nye.algterv.transfersystem.service.CountryService.lambda$10(CountryService.java:145)
	at java.base/java.lang.Iterable.forEach(Iterable.java:75)
	at hu.nye.algterv.transfersystem.service.CountryService.callCheckLines(CountryService.java:145)
	at hu.nye.algterv.transfersystem.service.CountryService.checkTrainLine(CountryService.java:194)
	at hu.nye.algterv.transfersystem.service.CountryService.lambda$12(CountryService.java:151)
	at java.base/java.lang.Iterable.forEach(Iterable.java:75)
	at hu.nye.algterv.transfersystem.service.CountryService.callCheckLines(CountryService.java:151)
	at hu.nye.algterv.transfersystem.service.CountryService.checkTrainLine(CountryService.java:194)
	at hu.nye.algterv.transfersystem.service.CountryService.lambda$12(CountryService.java:151)
	at java.base/java.lang.Iterable.forEach(Iterable.java:75)
	at hu.nye.algterv.transfersystem.service.CountryService.callCheckLines(CountryService.java:151)
	at hu.nye.algterv.transfersystem.service.CountryService.checkBusLine(CountryService.java:168)
	at hu.nye.algterv.transfersystem.service.CountryService.lambda$10(CountryService.java:145)
	at java.base/java.lang.Iterable.forEach(Iterable.java:75)
	at hu.nye.algterv.transfersystem.service.CountryService.callCheckLines(CountryService.java:145)
	at hu.nye.algterv.transfersystem.service.CountryService.checkTrainLine(CountryService.java:194)
	at hu.nye.algterv.transfersystem.service.CountryService.lambda$12(CountryService.java:151)
	at java.base/java.lang.Iterable.forEach(Iterable.java:75)
	at hu.nye.algterv.transfersystem.service.CountryService.callCheckLines(CountryService.java:151)
	at hu.nye.algterv.transfersystem.service.CountryService.checkTrainLine(CountryService.java:194)
	at hu.nye.algterv.transfersystem.service.CountryService.lambda$12(CountryService.java:151)
	at java.base/java.lang.Iterable.forEach(Iterable.java:75)
	at hu.nye.algterv.transfersystem.service.CountryService.callCheckLines(CountryService.java:151)
	at hu.nye.algterv.transfersystem.service.CountryService.checkBusLine(CountryService.java:168)
	at hu.nye.algterv.transfersystem.service.CountryService.lambda$10(CountryService.java:145)
	at java.base/java.lang.Iterable.forEach(Iterable.java:75)
	at hu.nye.algterv.transfersystem.service.CountryService.callCheckLines(CountryService.java:145)
	at hu.nye.algterv.transfersystem.service.CountryService.checkTrainLine(CountryService.java:194)
	at hu.nye.algterv.transfersystem.service.CountryService.lambda$12(CountryService.java:151)
	at java.base/java.lang.Iterable.forEach(Iterable.java:75)
	at hu.nye.algterv.transfersystem.service.CountryService.callCheckLines(CountryService.java:151)
	at hu.nye.algterv.transfersystem.service.CountryService.checkTrainLine(CountryService.java:194)
	at hu.nye.algterv.transfersystem.service.CountryService.lambda$12(CountryService.java:151)
	at java.base/java.lang.Iterable.forEach(Iterable.java:75)
	at hu.nye.algterv.transfersystem.service.CountryService.callCheckLines(CountryService.java:151)
	at hu.nye.algterv.transfersystem.service.CountryService.checkBusLine(CountryService.java:168)
	at hu.nye.algterv.transfersystem.service.CountryService.lambda$10(CountryService.java:145)
	at java.base/java.lang.Iterable.forEach(Iterable.java:75)
	at hu.nye.algterv.transfersystem.service.CountryService.callCheckLines(CountryService.java:145)
	at hu.nye.algterv.transfersystem.service.CountryService.checkTrainLine(CountryService.java:194)
	at hu.nye.algterv.transfersystem.service.CountryService.lambda$12(CountryService.java:151)
	at java.base/java.lang.Iterable.forEach(Iterable.java:75)
	at hu.nye.algterv.transfersystem.service.CountryService.callCheckLines(CountryService.java:151)
	at hu.nye.algterv.transfersystem.service.CountryService.checkTrainLine(CountryService.java:194)
	at hu.nye.algterv.transfersystem.service.CountryService.lambda$12(CountryService.java:151)
	at java.base/java.lang.Iterable.forEach(Iterable.java:75)
	at hu.nye.algterv.transfersystem.service.CountryService.callCheckLines(CountryService.java:151)
	at hu.nye.algterv.transfersystem.service.CountryService.checkBusLine(CountryService.java:168)
	at hu.nye.algterv.transfersystem.service.CountryService.lambda$10(CountryService.java:145)
	at java.base/java.lang.Iterable.forEach(Iterable.java:75)
	at hu.nye.algterv.transfersystem.service.CountryService.callCheckLines(CountryService.java:145)
	at hu.nye.algterv.transfersystem.service.CountryService.checkTrainLine(CountryService.java:194)
	at hu.nye.algterv.transfersystem.service.CountryService.lambda$12(CountryService.java:151)
	at java.base/java.lang.Iterable.forEach(Iterable.java:75)
	at hu.nye.algterv.transfersystem.service.CountryService.callCheckLines(CountryService.java:151)
	at hu.nye.algterv.transfersystem.service.CountryService.checkTrainLine(CountryService.java:194)
	at hu.nye.algterv.transfersystem.service.CountryService.lambda$12(CountryService.java:151)
	at java.base/java.lang.Iterable.forEach(Iterable.java:75)
	at hu.nye.algterv.transfersystem.service.CountryService.callCheckLines(CountryService.java:151)
	at hu.nye.algterv.transfersystem.service.CountryService.checkBusLine(CountryService.java:168)
	at hu.nye.algterv.transfersystem.service.CountryService.lambda$10(CountryService.java:145)
	at java.base/java.lang.Iterable.forEach(Iterable.java:75)
	at hu.nye.algterv.transfersystem.service.CountryService.callCheckLines(CountryService.java:145)
	at hu.nye.algterv.transfersystem.service.CountryService.checkTrainLine(CountryService.java:194)
	at hu.nye.algterv.transfersystem.service.CountryService.lambda$12(CountryService.java:151)
	at java.base/java.lang.Iterable.forEach(Iterable.java:75)
	at hu.nye.algterv.transfersystem.service.CountryService.callCheckLines(CountryService.java:151)
	at hu.nye.algterv.transfersystem.service.CountryService.checkTrainLine(CountryService.java:194)
	at hu.nye.algterv.transfersystem.service.CountryService.lambda$12(CountryService.java:151)
	at java.base/java.lang.Iterable.forEach(Iterable.java:75)
	at hu.nye.algterv.transfersystem.service.CountryService.callCheckLines(CountryService.java:151)
	at hu.nye.algterv.transfersystem.service.CountryService.checkBusLine(CountryService.java:168)
	at hu.nye.algterv.transfersystem.service.CountryService.lambda$10(CountryService.java:145)
	at java.base/java.lang.Iterable.forEach(Iterable.java:75)
	at hu.nye.algterv.transfersystem.service.CountryService.callCheckLines(CountryService.java:145)
	at hu.nye.algterv.transfersystem.service.CountryService.checkTrainLine(CountryService.java:194)
	at hu.nye.algterv.transfersystem.service.CountryService.lambda$12(CountryService.java:151)
	at java.base/java.lang.Iterable.forEach(Iterable.java:75)
	at hu.nye.algterv.transfersystem.service.CountryService.callCheckLines(CountryService.java:151)
	at hu.nye.algterv.transfersystem.service.CountryService.checkTrainLine(CountryService.java:194)
	at hu.nye.algterv.transfersystem.service.CountryService.lambda$12(CountryService.java:151)
	at java.base/java.lang.Iterable.forEach(Iterable.java:75)
	at hu.nye.algterv.transfersystem.service.CountryService.callCheckLines(CountryService.java:151)
	at hu.nye.algterv.transfersystem.service.CountryService.checkBusLine(CountryService.java:168)
	at hu.nye.algterv.transfersystem.service.CountryService.lambda$10(CountryService.java:145)
	at java.base/java.lang.Iterable.forEach(Iterable.java:75)
	at hu.nye.algterv.transfersystem.service.CountryService.callCheckLines(CountryService.java:145)
	at hu.nye.algterv.transfersystem.service.CountryService.checkTrainLine(CountryService.java:194)
	at hu.nye.algterv.transfersystem.service.CountryService.lambda$12(CountryService.java:151)
	at java.base/java.lang.Iterable.forEach(Iterable.java:75)
	at hu.nye.algterv.transfersystem.service.CountryService.callCheckLines(CountryService.java:151)
	at hu.nye.algterv.transfersystem.service.CountryService.checkTrainLine(CountryService.java:194)
	at hu.nye.algterv.transfersystem.service.CountryService.lambda$12(CountryService.java:151)
	at java.base/java.lang.Iterable.forEach(Iterable.java:75)
	at hu.nye.algterv.transfersystem.service.CountryService.callCheckLines(CountryService.java:151)
	at hu.nye.algterv.transfersystem.service.CountryService.checkBusLine(CountryService.java:168)
	at hu.nye.algterv.transfersystem.service.CountryService.lambda$10(CountryService.java:145)
	at java.base/java.lang.Iterable.forEach(Iterable.java:75)
	at hu.nye.algterv.transfersystem.service.CountryService.callCheckLines(CountryService.java:145)
	at hu.nye.algterv.transfersystem.service.CountryService.checkTrainLine(CountryService.java:194)
	at hu.nye.algterv.transfersystem.service.CountryService.lambda$12(CountryService.java:151)
	at java.base/java.lang.Iterable.forEach(Iterable.java:75)
	at hu.nye.algterv.transfersystem.service.CountryService.callCheckLines(CountryService.java:151)
	at hu.nye.algterv.transfersystem.service.CountryService.checkTrainLine(CountryService.java:194)
	at hu.nye.algterv.transfersystem.service.CountryService.lambda$12(CountryService.java:151)
	at java.base/java.lang.Iterable.forEach(Iterable.java:75)
	at hu.nye.algterv.transfersystem.service.CountryService.callCheckLines(CountryService.java:151)
	at hu.nye.algterv.transfersystem.service.CountryService.checkBusLine(CountryService.java:168)
	at hu.nye.algterv.transfersystem.service.CountryService.lambda$10(CountryService.java:145)
	at java.base/java.lang.Iterable.forEach(Iterable.java:75)
	at hu.nye.algterv.transfersystem.service.CountryService.callCheckLines(CountryService.java:145)
	at hu.nye.algterv.transfersystem.service.CountryService.checkTrainLine(CountryService.java:194)
	at hu.nye.algterv.transfersystem.service.CountryService.lambda$12(CountryService.java:151)
	at java.base/java.lang.Iterable.forEach(Iterable.java:75)
	at hu.nye.algterv.transfersystem.service.CountryService.callCheckLines(CountryService.java:151)
	at hu.nye.algterv.transfersystem.service.CountryService.checkTrainLine(CountryService.java:194)
	at hu.nye.algterv.transfersystem.service.CountryService.lambda$12(CountryService.java:151)
	at java.base/java.lang.Iterable.forEach(Iterable.java:75)
	at hu.nye.algterv.transfersystem.service.CountryService.callCheckLines(CountryService.java:151)
	at hu.nye.algterv.transfersystem.service.CountryService.checkBusLine(CountryService.java:168)
	at hu.nye.algterv.transfersystem.service.CountryService.lambda$10(CountryService.java:145)
	at java.base/java.lang.Iterable.forEach(Iterable.java:75)
	at hu.nye.algterv.transfersystem.service.CountryService.callCheckLines(CountryService.java:145)
	at hu.nye.algterv.transfersystem.service.CountryService.checkTrainLine(CountryService.java:194)
	at hu.nye.algterv.transfersystem.service.CountryService.lambda$12(CountryService.java:151)
	at java.base/java.lang.Iterable.forEach(Iterable.java:75)
	at hu.nye.algterv.transfersystem.service.CountryService.callCheckLines(CountryService.java:151)
	at hu.nye.algterv.transfersystem.service.CountryService.checkTrainLine(CountryService.java:194)
	at hu.nye.algterv.transfersystem.service.CountryService.lambda$12(CountryService.java:151)
	at java.base/java.lang.Iterable.forEach(Iterable.java:75)
	at hu.nye.algterv.transfersystem.service.CountryService.callCheckLines(CountryService.java:151)
	at hu.nye.algterv.transfersystem.service.CountryService.checkBusLine(CountryService.java:168)
	at hu.nye.algterv.transfersystem.service.CountryService.lambda$10(CountryService.java:145)
	at java.base/java.lang.Iterable.forEach(Iterable.java:75)
	at hu.nye.algterv.transfersystem.service.CountryService.callCheckLines(CountryService.java:145)
	at hu.nye.algterv.transfersystem.service.CountryService.checkTrainLine(CountryService.java:194)
	at hu.nye.algterv.transfersystem.service.CountryService.lambda$12(CountryService.java:151)
	at java.base/java.lang.Iterable.forEach(Iterable.java:75)
	at hu.nye.algterv.transfersystem.service.CountryService.callCheckLines(CountryService.java:151)
	at hu.nye.algterv.transfersystem.service.CountryService.checkTrainLine(CountryService.java:194)
	at hu.nye.algterv.transfersystem.service.CountryService.lambda$12(CountryService.java:151)
	at java.base/java.lang.Iterable.forEach(Iterable.java:75)
	at hu.nye.algterv.transfersystem.service.CountryService.callCheckLines(CountryService.java:151)
	at hu.nye.algterv.transfersystem.service.CountryService.checkBusLine(CountryService.java:168)
	at hu.nye.algterv.transfersystem.service.CountryService.lambda$10(CountryService.java:145)
	at java.base/java.lang.Iterable.forEach(Iterable.java:75)
	at hu.nye.algterv.transfersystem.service.CountryService.callCheckLines(CountryService.java:145)
	at hu.nye.algterv.transfersystem.service.CountryService.checkTrainLine(CountryService.java:194)
	at hu.nye.algterv.transfersystem.service.CountryService.lambda$12(CountryService.java:151)
	at java.base/java.lang.Iterable.forEach(Iterable.java:75)
	at hu.nye.algterv.transfersystem.service.CountryService.callCheckLines(CountryService.java:151)
	at hu.nye.algterv.transfersystem.service.CountryService.checkTrainLine(CountryService.java:194)
	at hu.nye.algterv.transfersystem.service.CountryService.lambda$12(CountryService.java:151)
